============== test session starts ==============
platform win32 -- Python 3.13.12, pytest-9.0.2, pluggy-1.6.0 -- D:\LogicPlay\backend\venv\Scripts\python.exe
cachedir: .pytest_cache
rootdir: D:\LogicPlay\backend
plugins: anyio-4.12.1
collecting ... collected 0 items / 2 errors

==================== ERRORS =====================
____ ERROR collecting tests/test_circuits.py ____
ImportError while importing test module 'D:\LogicPlay\backend\tests\test_circuits.py'.
Hint: make sure your test modules/packages have valid Python names.
Traceback:
C:\Program Files\WindowsApps\PythonSoftwareFoundation.Python.3.13_3.13.3312.0_x64__qbz5n2kfra8p0\Lib\importlib\__init__.py:88: in import_module
    return _bootstrap._gcd_import(name[level:], package, level)
           ^^^^^^^^^^^^^^^^^^^^^^^^^^^^^^^^^^^^^^^^^^^^^^^^^^^^
tests\test_circuits.py:3: in <module>
    from app.main import app
app\main.py:5: in <module>
    from .routers import users, circuits, challenges
app\routers\circuits.py:7: in <module>
    from ...ml_model.predict import predict_score
E   ImportError: attempted relative import beyond top-level package
_____ ERROR collecting tests/test_users.py ______
ImportError while importing test module 'D:\LogicPlay\backend\tests\test_users.py'.
Hint: make sure your test modules/packages have valid Python names.
Traceback:
C:\Program Files\WindowsApps\PythonSoftwareFoundation.Python.3.13_3.13.3312.0_x64__qbz5n2kfra8p0\Lib\importlib\__init__.py:88: in import_module
    return _bootstrap._gcd_import(name[level:], package, level)
           ^^^^^^^^^^^^^^^^^^^^^^^^^^^^^^^^^^^^^^^^^^^^^^^^^^^^
tests\test_users.py:6: in <module>
    from app.main import app
app\main.py:5: in <module>
    from .routers import users, circuits, challenges
app\routers\circuits.py:7: in <module>
    from ...ml_model.predict import predict_score
E   ImportError: attempted relative import beyond top-level package
=============== warnings summary ================
app\schemas.py:13
  D:\LogicPlay\backend\app\schemas.py:13: PydanticDeprecatedSince20: Support for class-based `config` is deprecated, use ConfigDict instead. Deprecated in Pydantic V2.0 to be removed in V3.0. See Pydantic V2 Migration Guide at https://errors.pydantic.dev/2.12/migration/
    class Circuit(CircuitBase):

venv\Lib\site-packages\pydantic\_internal\_config.py:383
  D:\LogicPlay\backend\venv\Lib\site-packages\pydantic\_internal\_config.py:383: UserWarning: Valid config keys have changed in V2:
  * 'orm_mode' has been renamed to 'from_attributes'
    warnings.warn(message, UserWarning)

app\schemas.py:28
  D:\LogicPlay\backend\app\schemas.py:28: PydanticDeprecatedSince20: Support for class-based `config` is deprecated, use ConfigDict instead. Deprecated in Pydantic V2.0 to be removed in V3.0. See Pydantic V2 Migration Guide at https://errors.pydantic.dev/2.12/migration/
    class User(UserBase):

app\schemas.py:40
  D:\LogicPlay\backend\app\schemas.py:40: PydanticDeprecatedSince20: Support for class-based `config` is deprecated, use ConfigDict instead. Deprecated in Pydantic V2.0 to be removed in V3.0. See Pydantic V2 Migration Guide at https://errors.pydantic.dev/2.12/migration/
    class Badge(BaseModel):

app\schemas.py:49
  D:\LogicPlay\backend\app\schemas.py:49: PydanticDeprecatedSince20: Support for class-based `config` is deprecated, use ConfigDict instead. Deprecated in Pydantic V2.0 to be removed in V3.0. See Pydantic V2 Migration Guide at https://errors.pydantic.dev/2.12/migration/
    class Challenge(BaseModel):

-- Docs: https://docs.pytest.org/en/stable/how-to/capture-warnings.html
============ short test summary info ============
ERROR tests/test_circuits.py
ERROR tests/test_users.py
!!!! Interrupted: 2 errors during collection !!!!
========= 5 warnings, 2 errors in 0.62s =========
